
> infinite-worlds-architect@1.3.0 test
> node --test 'test/**/*.test.js'

✔ indexCharacters - returns null for empty character list (8.011901ms)
✔ indexCharacters - returns null for null character list (0.309375ms)
✔ indexCharacters - finds exact character matches (4.846927ms)
✔ indexCharacters - handles aliases (2.587704ms)
✔ indexCharacters - case-insensitive matching (4.668422ms)
✔ indexCharacters - avoids false positives with word boundaries (2.621624ms)
✔ indexCharacters - sets incomplete flag when character not found (0.688953ms)
✔ indexCharacters - includes line numbers in mentions (0.627287ms)
✔ indexCharacters - includes context in mentions (0.580792ms)
✔ indexCharacters - handles multiple characters (6.431747ms)
✔ indexCharacters - tracks mentions across multiple turns (2.969617ms)
✔ indexCharacters - handles missing source file gracefully (0.322928ms)
✔ indexCharacters - returns proper schema structure (3.030525ms)
✔ indexCharacters - character with no mentions has no aliases key if empty (0.273603ms)
✔ indexCharacters - handles special characters in names (0.383645ms)
✔ indexCharacters - empty source file data returns no mentions (0.179058ms)
✔ extractStoryData - parses TheWorldsAStageTurn4.txt successfully (30.030649ms)
✔ extractStoryData - parses Counsellor2_Turn22.txt successfully (8.162074ms)
✔ extractStoryData - returns error for invalid input file (1.258794ms)
✔ extractStoryData - returns error for empty inputPaths (1.265741ms)
✔ extractStoryData - creates character_index.json when characterList provided (10.926472ms)
✔ extractStoryData - does NOT create character_index.json when characterList not provided (4.667329ms)
✔ extractStoryData - character indexing with aliases (13.416302ms)
✔ extractStoryData - multiple characters in characterList (4.314813ms)
✔ writeOutputFiles - writes manifest.json (22.317345ms)
✔ writeOutputFiles - writes metadata.json (16.113923ms)
✔ writeOutputFiles - writes turn_index.json (11.105953ms)
✔ writeOutputFiles - writes tracked_state.json when tracked items exist (8.932958ms)
✔ writeOutputFiles - omits tracked_state.json when no tracked items (7.938537ms)
✔ writeOutputFiles - creates extraction directory if missing (8.262099ms)
✔ writeOutputFiles - handles preview truncation (8.136537ms)
✔ writeOutputFiles - includes files array in manifest.json output (4.145958ms)
✔ writeOutputFiles - includes multiple files in manifest.json (4.676939ms)
✔ queryStoryData - queries manifest category (35.985354ms)
✔ queryStoryData - queries metadata category (6.752417ms)
✔ queryStoryData - queries turn_index category (6.019679ms)
✔ queryStoryData - queries all categories successfully (5.348208ms)
✔ queryStoryData - returns error for missing tracked_state.json (4.833507ms)
✔ queryStoryData - resolves "last" alias in manifest (11.202543ms)
✔ queryStoryData - resolves "last" in turn arrays (2.797996ms)
✔ queryStoryData - returns error for invalid category (2.232118ms)
✔ queryStoryData - returns error for nonexistent extraction directory (0.321931ms)
✔ queryStoryData - turn_detail requires turns parameter (4.875338ms)
✔ queryStoryData - queries manifest with resolved "last" (4.180872ms)
✔ queryStoryData - turn_detail returns partial results for missing turns (14.577179ms)
✔ queryStoryData - turn_detail returns all available turns for single missing turn (6.80456ms)
✔ queryStoryData - turn_detail includes all available turns with multiple missing turns (7.303339ms)
✔ queryStoryData - path traversal: accepts normal relative paths (6.061409ms)
✔ queryStoryData - path traversal: rejects paths with .. sequences (9.618045ms)
✔ queryStoryData - path traversal: normalizes ./ and multiple slashes (12.312074ms)
✔ queryStoryData - path traversal: rejects absolute paths outside extraction dir (5.951381ms)
✔ queryStoryData - path traversal: accepts absolute paths within extraction dir (6.972864ms)
✔ queryStoryData - path traversal: rejects absolute paths with .. sequences (4.953796ms)
✔ validateExtractInput - valid paths and directory (3.514019ms)
✔ validateExtractInput - missing file (0.353338ms)
✔ validateExtractInput - inputPaths not array (0.169575ms)
✔ validateExtractInput - empty inputPaths (0.15109ms)
✔ validateExtractInput - empty string in inputPaths (0.209226ms)
✔ validateExtractInput - extractionDir not writable parent (0.231575ms)
✔ validateQueryInput - valid extraction directory and category (1.753154ms)
✔ validateQueryInput - invalid category (0.762628ms)
✔ validateQueryInput - missing extraction directory (0.216531ms)
✔ validateQueryInput - valid "last" turn alias (0.680497ms)
✔ validateQueryInput - turns parameter invalid type (0.628013ms)
✔ validateQueryInput - turns with invalid type in array (0.534867ms)
✔ validateQueryInput - negative turn number (0.731464ms)
✔ parse orchestrator with TheWorldsAStageTurn4.txt (4 turns) (3.684243ms)
✔ parse orchestrator with Counsellor2_Turn22.txt (22 turns with tracked items) (5.198201ms)
✔ parse orchestrator with TheRingOfDisTurn30.txt (30 turns, no tracked items) (4.213249ms)
✔ parse throws on files with no Turn 1 (0.613928ms)
✔ parse returns warnings for detected gaps (0.556742ms)
✔ parse result structure matches spec (2.518628ms)
✔ combine extracts header from newest file (4.664069ms)
✔ combine detects gaps in turn numbers (0.870818ms)
✔ combine throws if no Turn 1 found (1.455193ms)
✔ combine handles multiple files (1.235319ms)
✔ combine returns correct manifest structure (1.323158ms)
✔ combine populates manifest files array with single file (3.719315ms)
✔ combine populates manifest files array with multiple files (1.691385ms)
✔ combine files array contains exact filepaths (1.500496ms)
✔ parseHeaders: real export header with all sections (9.373812ms)
✔ parseHeaders: continuation export with no header section (0.226335ms)
✔ parseHeaders: missing objective divider in Turn 1 (0.314096ms)
✔ parseHeaders: empty character section (0.166115ms)
✔ parseHeaders: character with only skills subsection (0.277996ms)
✔ parseHeaders: missing story background section (0.181822ms)
✔ parseHeaders: objective spanning multiple lines (2.912752ms)
✔ parseHeaders: title with spaces and punctuation (0.239553ms)
✔ parseHeaders: character with name, background, and multiple skills (0.364893ms)
✔ parseHeaders: empty header and turn1 text (0.464623ms)
✔ parseHeaders: objective header with different case (0.661174ms)
✔ parseHeaders: sections with excess whitespace (1.392212ms)
✔ parseTurns - Turn 1 parsing (action is null) (4.401783ms)
✔ parseTurns - Normal turn with all sections (0.732878ms)
✔ parseTurns - Empty section handling (0.407219ms)
✔ parseTurns - Missing sections (0.314634ms)
✔ parseTurns - Tracked items section (called by Phase 4) (0.32962ms)
✔ parseTurns - Multiple turns in sequence (1.35021ms)
✔ parseTurns - Line range tracking (0.765763ms)
✔ parseTurns - Hidden tracked items section (0.321635ms)
✔ parseTurns - Warning on missing turn content (0.623433ms)
✔ parseTrackedItems - null input returns null (1.747222ms)
✔ parseTrackedItems - empty string returns null (0.240335ms)
✔ parseTrackedItems - whitespace-only returns null (0.332782ms)
✔ parseTrackedItems - simple single-line items (1.108998ms)
✔ parseTrackedItems - multi-line item values (0.667435ms)
✔ parseTrackedItems - empty item value (header at end) (0.222965ms)
✔ parseTrackedItems - rejects false positives like "URL: http://example.com" (5.706633ms)
✔ parseTrackedItems - non-header lines are included in values (0.153921ms)
✔ parseTrackedItems - complex real-world example (0.194041ms)
✔ parseTrackedItems - item with indented continuation lines (0.303915ms)
✔ generateSnapshots - all turns with null tracked items (2.001887ms)
✔ generateSnapshots - state change in tracked items (0.349429ms)
✔ generateSnapshots - value change in tracked items (0.155264ms)
✔ generateSnapshots - state change in hidden tracked items (0.148113ms)
✔ generateSnapshots - complex multi-state transitions (0.216445ms)
✔ generateSnapshots - every turn falls within exactly one snapshot range (0.207942ms)
✔ generateSnapshots - sorted output (0.196428ms)
✔ generateSnapshots - consecutive unchanged turns produce single snapshot (0.133623ms)
✔ generateSnapshots - empty array returns empty array (3.697756ms)
✔ generateSnapshots - multiple key changes (0.310792ms)
✔ PATTERNS.TURN_DELIMITER matches turn headers (3.011022ms)
✔ PATTERNS.TITLE matches title headers (0.546372ms)
✔ PATTERNS.SKILL_LINE matches skill definitions (0.267463ms)
✔ PATTERNS.ITEM_HEADER matches item headers correctly (0.370323ms)
✔ getFileMtime returns modification time (0.33014ms)
✔ getFileMtime throws on missing file (0.550965ms)
✔ extractBetweenMarkers finds text between markers (0.205081ms)
✔ extractBetweenMarkers handles missing markers (0.959242ms)
✔ extractBetweenMarkers handles missing end marker (0.745832ms)
✔ trimLines removes trailing spaces from lines (1.118884ms)
✔ parseSkillLine parses skill definitions (1.503412ms)
✔ parseSkillLine handles leading/trailing whitespace (0.292761ms)
✔ parseSkillLine returns null for non-skill lines (0.192723ms)
✔ lineCount returns correct number of lines (0.27142ms)
✔ lineCount handles empty string (0.273037ms)
✔ withLineNumbers adds line numbers (0.268953ms)
✔ splitOnPattern splits and trims (0.30734ms)
ℹ tests 138
ℹ suites 0
ℹ pass 138
ℹ fail 0
ℹ cancelled 0
ℹ skipped 0
ℹ todo 0
ℹ duration_ms 287.870179
